# setup 0 in 19.0s on [CpuDevice(id=0)] expert_rewards[0]=[-0.053299550791549986, -0.37185089071950983, -0.4530274339539621]
# s0 per_layer e1 logged 0.50377 vs 0.45277 (+0.05100) | held-out 0.52873 vs 0.38059 (+0.14813) [18s]
# s0 per_layer e2 logged 0.50859 vs 0.51735 (-0.00877) | held-out 0.53840 vs 0.44538 (+0.09302) [15s]
# s0 per_layer e3 logged 0.49883 vs 0.43433 (+0.06450) | held-out 0.51916 vs 0.42889 (+0.09027) [17s]
# s0 per_layer e4 logged 0.44385 vs 0.42144 (+0.02240) | held-out 0.52899 vs 0.40573 (+0.12325) [19s]
# s0 per_layer e5 logged 0.45138 vs 0.66329 (-0.21191) | held-out 0.54817 vs 0.40703 (+0.14114) [13s]
# s0 per_layer e6 logged 0.35720 vs 0.37622 (-0.01902) | held-out 0.52711 vs 0.35806 (+0.16905) [13s]
# s0 per_layer e7 logged 0.52170 vs 0.35650 (+0.16520) | held-out 0.53857 vs 0.42119 (+0.11738) [13s]
# s0 per_layer e8 logged 0.35899 vs 0.23644 (+0.12255) | held-out 0.53526 vs 0.38441 (+0.15085) [13s]
# s0 per_layer e9 logged 0.59696 vs 0.53564 (+0.06132) | held-out 0.55091 vs 0.41693 (+0.13398) [13s]
# s0 per_layer e10 logged 0.52333 vs 0.38673 (+0.13660) | held-out 0.55141 vs 0.42844 (+0.12297) [13s]
# s0 per_layer e11 logged 0.56998 vs 0.43087 (+0.13911) | held-out 0.53719 vs 0.43042 (+0.10677) [13s]
# s0 per_layer e12 logged 0.52014 vs 0.33072 (+0.18942) | held-out 0.53049 vs 0.37846 (+0.15203) [12s]
# s0 per_layer e13 logged 0.56234 vs 0.25489 (+0.30745) | held-out 0.53840 vs 0.41842 (+0.11998) [12s]
# s0 per_layer e14 logged 0.56123 vs 0.37804 (+0.18319) | held-out 0.52858 vs 0.41250 (+0.11608) [14s]
# s0 per_layer e15 logged 0.52630 vs 0.33551 (+0.19078) | held-out 0.52960 vs 0.42521 (+0.10439) [14s]
# s0 per_layer e16 logged 0.46576 vs 0.34944 (+0.11632) | held-out 0.54805 vs 0.46005 (+0.08801) [14s]
# s0 per_layer e17 logged 0.47179 vs 0.46395 (+0.00784) | held-out 0.54145 vs 0.43202 (+0.10943) [15s]
# s0 per_layer e18 logged 0.47549 vs 0.52162 (-0.04613) | held-out 0.54085 vs 0.43517 (+0.10568) [15s]
# s0 per_layer e19 logged 0.46993 vs 0.30214 (+0.16778) | held-out 0.53513 vs 0.40741 (+0.12771) [15s]
# s0 per_layer e20 logged 0.43514 vs 0.37425 (+0.06089) | held-out 0.53818 vs 0.38267 (+0.15551) [16s]
# s0 per_layer e21 logged 0.41722 vs 0.47950 (-0.06228) | held-out 0.52911 vs 0.41320 (+0.11591) [17s]
# s0 per_layer e22 logged 0.47056 vs 0.36890 (+0.10166) | held-out 0.52080 vs 0.35735 (+0.16345) [17s]
# s0 per_layer e23 logged 0.45783 vs 0.33704 (+0.12079) | held-out 0.54480 vs 0.39751 (+0.14729) [17s]
# s0 per_layer e24 logged 0.53127 vs 0.17775 (+0.35352) | held-out 0.54164 vs 0.34800 (+0.19364) [23s]
# s0 per_layer e25 logged 0.43887 vs 0.36755 (+0.07132) | held-out 0.53754 vs 0.40938 (+0.12816) [18s]
# s0 single e1 logged 0.48542 vs 0.44838 (+0.03703) | held-out 0.51276 vs 0.37841 (+0.13435) [14s]
# s0 single e2 logged 0.49044 vs 0.51647 (-0.02603) | held-out 0.52536 vs 0.44552 (+0.07983) [13s]
# s0 single e3 logged 0.50423 vs 0.43672 (+0.06751) | held-out 0.51913 vs 0.43035 (+0.08878) [14s]
# s0 single e4 logged 0.43756 vs 0.40948 (+0.02808) | held-out 0.51556 vs 0.39632 (+0.11924) [13s]
# s0 single e5 logged 0.44109 vs 0.66236 (-0.22128) | held-out 0.52127 vs 0.40556 (+0.11571) [11s]
# s0 single e6 logged 0.33351 vs 0.37798 (-0.04447) | held-out 0.51563 vs 0.36076 (+0.15487) [12s]
# s0 single e7 logged 0.50894 vs 0.35778 (+0.15116) | held-out 0.51332 vs 0.42209 (+0.09124) [15s]
# s0 single e8 logged 0.34190 vs 0.23811 (+0.10379) | held-out 0.49932 vs 0.38634 (+0.11298) [20s]
# s0 single e9 logged 0.56432 vs 0.53726 (+0.02706) | held-out 0.52739 vs 0.41905 (+0.10834) [28s]
# s0 single e10 logged 0.50360 vs 0.38538 (+0.11822) | held-out 0.51193 vs 0.42738 (+0.08455) [34s]
# s0 single e11 logged 0.56320 vs 0.43114 (+0.13206) | held-out 0.52478 vs 0.43036 (+0.09441) [31s]
# s0 single e12 logged 0.50504 vs 0.32955 (+0.17549) | held-out 0.52012 vs 0.37745 (+0.14267) [33s]
# s0 single e13 logged 0.57002 vs 0.25370 (+0.31633) | held-out 0.52961 vs 0.41726 (+0.11236) [26s]
# s0 single e14 logged 0.55534 vs 0.37998 (+0.17537) | held-out 0.51791 vs 0.41497 (+0.10293) [12s]
# s0 single e15 logged 0.50618 vs 0.32977 (+0.17641) | held-out 0.51508 vs 0.42159 (+0.09349) [12s]
# s0 single e16 logged 0.43035 vs 0.34519 (+0.08516) | held-out 0.51698 vs 0.45575 (+0.06122) [10s]
# s0 single e17 logged 0.44737 vs 0.46330 (-0.01593) | held-out 0.52549 vs 0.43227 (+0.09322) [11s]
# s0 single e18 logged 0.47181 vs 0.52232 (-0.05051) | held-out 0.53062 vs 0.43529 (+0.09533) [8s]
# s0 single e19 logged 0.45282 vs 0.30265 (+0.15017) | held-out 0.52715 vs 0.40771 (+0.11944) [7s]
# s0 single e20 logged 0.40996 vs 0.37232 (+0.03764) | held-out 0.52028 vs 0.38130 (+0.13898) [7s]
# s0 single e21 logged 0.41319 vs 0.47765 (-0.06446) | held-out 0.52440 vs 0.41146 (+0.11294) [7s]
# s0 single e22 logged 0.47097 vs 0.36550 (+0.10547) | held-out 0.50997 vs 0.35478 (+0.15518) [7s]
# s0 single e23 logged 0.42711 vs 0.33784 (+0.08927) | held-out 0.52042 vs 0.39843 (+0.12199) [7s]
# s0 single e24 logged 0.51069 vs 0.17747 (+0.33322) | held-out 0.52035 vs 0.34844 (+0.17192) [7s]
# s0 single e25 logged 0.44855 vs 0.36854 (+0.08001) | held-out 0.52983 vs 0.40976 (+0.12007) [7s]
# s0 fixed e1 logged 0.49364 vs 0.44834 (+0.04530) | held-out 0.52206 vs 0.37835 (+0.14372) [9s]
# s0 fixed e2 logged 0.48075 vs 0.51654 (-0.03579) | held-out 0.51631 vs 0.44561 (+0.07070) [9s]
# s0 fixed e3 logged 0.50223 vs 0.43616 (+0.06606) | held-out 0.51622 vs 0.42988 (+0.08634) [9s]
# s0 fixed e4 logged 0.44542 vs 0.40942 (+0.03600) | held-out 0.51953 vs 0.39638 (+0.12315) [9s]
# s0 fixed e5 logged 0.43722 vs 0.66211 (-0.22489) | held-out 0.52032 vs 0.40511 (+0.11521) [9s]
# s0 fixed e6 logged 0.34490 vs 0.37812 (-0.03321) | held-out 0.51602 vs 0.36125 (+0.15477) [9s]
# s0 fixed e7 logged 0.51655 vs 0.35665 (+0.15990) | held-out 0.51954 vs 0.42128 (+0.09825) [9s]
# s0 fixed e8 logged 0.37019 vs 0.23824 (+0.13195) | held-out 0.51415 vs 0.38634 (+0.12781) [9s]
# s0 fixed e9 logged 0.55145 vs 0.53724 (+0.01420) | held-out 0.51676 vs 0.41905 (+0.09771) [9s]
# s0 fixed e10 logged 0.50021 vs 0.38525 (+0.11496) | held-out 0.51955 vs 0.42716 (+0.09239) [9s]
# s0 fixed e11 logged 0.55594 vs 0.43059 (+0.12535) | held-out 0.52019 vs 0.42988 (+0.09031) [9s]
# s0 fixed e12 logged 0.49855 vs 0.33048 (+0.16807) | held-out 0.51643 vs 0.37807 (+0.13836) [9s]
# s0 fixed e13 logged 0.55936 vs 0.25428 (+0.30508) | held-out 0.51910 vs 0.41797 (+0.10113) [9s]
# s0 fixed e14 logged 0.54631 vs 0.38027 (+0.16604) | held-out 0.51942 vs 0.41521 (+0.10421) [9s]
# s0 fixed e15 logged 0.50278 vs 0.32947 (+0.17331) | held-out 0.51988 vs 0.42164 (+0.09824) [9s]
# s0 fixed e16 logged 0.42457 vs 0.34511 (+0.07946) | held-out 0.51919 vs 0.45560 (+0.06360) [9s]
# s0 fixed e17 logged 0.45489 vs 0.46325 (-0.00836) | held-out 0.52044 vs 0.43217 (+0.08827) [9s]
# s0 fixed e18 logged 0.45284 vs 0.52217 (-0.06934) | held-out 0.52127 vs 0.43547 (+0.08580) [9s]
# s0 fixed e19 logged 0.45133 vs 0.30301 (+0.14832) | held-out 0.51834 vs 0.40798 (+0.11037) [9s]
# s0 fixed e20 logged 0.41342 vs 0.37151 (+0.04191) | held-out 0.52029 vs 0.38048 (+0.13981) [9s]
# s0 fixed e21 logged 0.42726 vs 0.47809 (-0.05083) | held-out 0.51378 vs 0.41186 (+0.10192) [9s]
# s0 fixed e22 logged 0.47323 vs 0.36546 (+0.10777) | held-out 0.51384 vs 0.35476 (+0.15909) [9s]
# s0 fixed e23 logged 0.43420 vs 0.33797 (+0.09623) | held-out 0.51603 vs 0.39856 (+0.11746) [9s]
# s0 fixed e24 logged 0.51572 vs 0.17739 (+0.33833) | held-out 0.51402 vs 0.34864 (+0.16538) [9s]
# s0 fixed e25 logged 0.44651 vs 0.36856 (+0.07795) | held-out 0.51554 vs 0.40998 (+0.10556) [9s]
